// Jest Snapshot v1, https://goo.gl/fbAQLP

exports[`CollectionItem component should render CollectionItem component 1`] = `
<div
  className="sc-gsTCUz bLLZpE"
>
  <div
    className="sc-hKgILt hkHzXq"
  />
  <div
    className="sc-eCssSg jFCvIw"
  >
    <span
      className="sc-jSgupP jbqeKv"
    >
      black hat
    </span>
    <span
      className="sc-gKsewC kIfwPX"
    >
      20
    </span>
  </div>
  <button
    className="sc-bdfBwQ hBuaMb sc-dlfnbm kzeJXE"
    onClick={[Function]}
  >
    Add to cart
  </button>
</div>
`;
