// Jest Snapshot v1, https://goo.gl/fbAQLP

exports[`CollectionPreview component should render CollectionPreview component 1`] = `
<div
  className="sc-iBPRYJ gyKNFV"
>
  <h2
    className="sc-fubCfw bLzYkF title-container"
    onClick={[Function]}
  >
    HATS
  </h2>
  <div
    className="sc-pFZIQ grNlYC"
  />
</div>
`;
